// Jest Snapshot v1, https://goo.gl/fbAQLP

exports[`focused focused prop starts and stops the video correctly 1`] = `
<div>
  <div
    data-testid="hover-video-player-container"
    style="position: relative;"
  >
    <video
      crossorigin="anonymous"
      data-testid="video-element"
      loop=""
      playsinline=""
      style="display: block; width: 100%; object-fit: cover;"
    >
      <source
        src="fake/video-file.mp4"
      />
    </video>
  </div>
</div>
`;

exports[`focused other events which would normally stop the video are ignored if focused prop is true 1`] = `
<div>
  <div
    data-testid="hover-video-player-container"
    style="position: relative;"
  >
    <video
      crossorigin="anonymous"
      data-testid="video-element"
      loop=""
      playsinline=""
      style="display: block; width: 100%; object-fit: cover;"
    >
      <source
        src="fake/video-file.mp4"
      />
    </video>
  </div>
</div>
`;
